OutputDirectoryTest/outDirTest-kompiled/timestamp : \
    /home/erik/k/k-distribution/tests/regression-new/kdep-options/outDirTest.k \

